{antonyms(2,"sleep","wake"), antonyms(3,"loud","soft"), antonyms(4,"honestly","deceitfully"), antonyms(4,"honestly","venally"), antonyms(4,"honestly","dishonestly"), word("honestly"), word("sleep"), word("loud")}
