{holonyms("lion",1,"pride",2), holonyms("lion",1,"genus_Panthera",1), holonyms("lion",1,"Panthera",1), word("lion")}
