{meronyms("hydrogen",1,"H2O",1), meronyms("hydrogen",1,"water",1), word("hydrogen")}
