{meronyms("bumper",2,"motortruck",2), meronyms("bumper",2,"truck",2), meronyms("bumper",2,"motorcar",1), meronyms("bumper",2,"machine",1), meronyms("bumper",2,"automobile",1), meronyms("bumper",2,"auto",1), meronyms("bumper",2,"car",1), word("bumper")}
