{meronyms("pride",4,"Panthera_leo",1), meronyms("pride",4,"king_of_beasts",1), meronyms("pride",4,"lion",1), word("pride")}
