{meronyms("water",1,"atomic_number_8",2), meronyms("water",1,"O",2), meronyms("water",1,"oxygen",2), meronyms("water",1,"atomic_number_1",1), meronyms("water",1,"H",1), meronyms("water",1,"hydrogen",1), meronyms("water",2,"H2O",1), meronyms("water",2,"water",1), word("water")}
