{causeto("give","eat"), causeto("give","hold"), causeto("give","have_got"), causeto("give","have"), word("give")}
