{attribute("loud","intensity"), attribute("loud","loudness"), attribute("loud","volume"), word("loud")}
