{instanceof("einstein",1,"physicist"), word("einstein")}
