{synonyms(1,1,"axe",1), synonyms(1,1,"ax",1), synonyms(2,1,"axe",1), synonyms(2,1,"ax",1), synonyms(2,2,"axe",2), synonyms(2,2,"ax",2), word("axes")}
